{"level":"info","message":"New session created","service":"semaphore-oauth-demo","sessionId":"30bfabce-3ca2-4876-8b3b-42f1b0c74cce","timestamp":"2025-11-05T05:47:00.515Z","userId":"google-oauth2|110406690134492839349"}
{"hasCommitment":true,"level":"info","message":"Session identity updated","service":"semaphore-oauth-demo","sessionId":"30bfabce-3ca2-4876-8b3b-42f1b0c74cce","timestamp":"2025-11-05T05:47:06.013Z"}
{"hasCommitment":true,"level":"info","message":"Session identity updated","service":"semaphore-oauth-demo","sessionId":"30bfabce-3ca2-4876-8b3b-42f1b0c74cce","timestamp":"2025-11-05T05:48:23.169Z"}
{"clientId":"223.226.9.212-TW96aW...","count":3,"level":"warn","limit":2,"message":"Rate limit exceeded","retryAfter":438,"service":"semaphore-oauth-demo","timestamp":"2025-11-05T05:49:48.386Z","type":"identity","window":600000}
{"clientId":"223.226.9.212-TW96aW...","count":4,"level":"warn","limit":2,"message":"Rate limit exceeded","retryAfter":383,"service":"semaphore-oauth-demo","timestamp":"2025-11-05T05:50:43.487Z","type":"identity","window":600000}
{"level":"info","message":"New session created","service":"semaphore-oauth-demo","sessionId":"b034886f-740b-4826-9422-632d0e2efa98","timestamp":"2025-11-05T05:51:10.805Z","userId":"google-oauth2|113581279399430147949"}
{"clientId":"223.226.9.212-TW96aW...","count":5,"level":"warn","limit":2,"message":"Rate limit exceeded","retryAfter":353,"service":"semaphore-oauth-demo","timestamp":"2025-11-05T05:51:13.429Z","type":"identity","window":600000}
{"level":"info","message":"Session cleanup completed","service":"semaphore-oauth-demo","timestamp":"2025-11-05T05:52:00.455Z"}
{"level":"info","message":"Session cleanup completed","service":"semaphore-oauth-demo","timestamp":"2025-11-05T05:52:06.002Z"}
{"level":"info","message":"Session cleanup completed","service":"semaphore-oauth-demo","timestamp":"2025-11-05T05:52:11.260Z"}
{"level":"info","message":"Session cleanup completed","service":"semaphore-oauth-demo","timestamp":"2025-11-05T05:52:13.976Z"}
{"level":"info","message":"Session cleanup completed","service":"semaphore-oauth-demo","timestamp":"2025-11-05T05:59:49.792Z"}
{"level":"info","message":"Session cleanup completed","service":"semaphore-oauth-demo","timestamp":"2025-11-05T05:59:49.803Z"}
{"level":"info","message":"Session cleanup completed","service":"semaphore-oauth-demo","timestamp":"2025-11-05T05:59:49.804Z"}
{"level":"info","message":"Session cleanup completed","service":"semaphore-oauth-demo","timestamp":"2025-11-05T05:59:49.805Z"}
{"level":"info","message":"Session cleanup completed","service":"semaphore-oauth-demo","timestamp":"2025-11-05T05:59:49.805Z"}
{"level":"info","message":"Session cleanup completed","service":"semaphore-oauth-demo","timestamp":"2025-11-05T05:59:49.805Z"}
{"level":"info","message":"Session cleanup completed","service":"semaphore-oauth-demo","timestamp":"2025-11-05T05:59:49.805Z"}
{"level":"info","message":"Session cleanup completed","service":"semaphore-oauth-demo","timestamp":"2025-11-05T05:59:49.806Z"}
{"level":"info","message":"Session cleanup completed","service":"semaphore-oauth-demo","timestamp":"2025-11-05T05:59:49.806Z"}
{"level":"info","message":"Session cleanup completed","service":"semaphore-oauth-demo","timestamp":"2025-11-05T05:59:49.806Z"}
{"level":"info","message":"Session cleanup completed","service":"semaphore-oauth-demo","timestamp":"2025-11-05T05:59:49.807Z"}
{"level":"info","message":"Session cleanup completed","service":"semaphore-oauth-demo","timestamp":"2025-11-05T05:59:49.808Z"}
{"level":"info","message":"Session cleanup completed","service":"semaphore-oauth-demo","timestamp":"2025-11-05T05:59:49.809Z"}
{"hasCommitment":true,"level":"info","message":"Session identity updated","service":"semaphore-oauth-demo","sessionId":"b034886f-740b-4826-9422-632d0e2efa98","timestamp":"2025-11-05T05:59:52.912Z"}
{"hasCommitment":true,"level":"info","message":"Session identity updated","service":"semaphore-oauth-demo","sessionId":"b034886f-740b-4826-9422-632d0e2efa98","timestamp":"2025-11-05T06:00:01.736Z"}
{"level":"info","message":"Session cleanup completed","service":"semaphore-oauth-demo","timestamp":"2025-11-05T06:04:49.783Z"}
{"level":"info","message":"Session cleanup completed","service":"semaphore-oauth-demo","timestamp":"2025-11-05T06:04:49.800Z"}
{"level":"info","message":"Session cleanup completed","service":"semaphore-oauth-demo","timestamp":"2025-11-05T06:04:49.801Z"}
{"level":"info","message":"Session cleanup completed","service":"semaphore-oauth-demo","timestamp":"2025-11-05T06:04:49.801Z"}
{"level":"info","message":"Session cleanup completed","service":"semaphore-oauth-demo","timestamp":"2025-11-05T06:04:49.802Z"}
{"level":"info","message":"Session cleanup completed","service":"semaphore-oauth-demo","timestamp":"2025-11-05T06:04:49.802Z"}
{"level":"info","message":"Session cleanup completed","service":"semaphore-oauth-demo","timestamp":"2025-11-05T06:04:49.802Z"}
{"level":"info","message":"Session cleanup completed","service":"semaphore-oauth-demo","timestamp":"2025-11-05T06:04:49.802Z"}
{"level":"info","message":"Session cleanup completed","service":"semaphore-oauth-demo","timestamp":"2025-11-05T06:04:49.804Z"}
{"level":"info","message":"Session cleanup completed","service":"semaphore-oauth-demo","timestamp":"2025-11-05T06:04:49.804Z"}
{"level":"info","message":"Session cleanup completed","service":"semaphore-oauth-demo","timestamp":"2025-11-05T06:04:49.804Z"}
{"level":"info","message":"Session cleanup completed","service":"semaphore-oauth-demo","timestamp":"2025-11-05T06:04:49.804Z"}
{"level":"info","message":"Session cleanup completed","service":"semaphore-oauth-demo","timestamp":"2025-11-05T06:04:49.805Z"}
{"level":"info","message":"Session cleanup completed","service":"semaphore-oauth-demo","timestamp":"2025-11-05T06:04:56.614Z"}
{"level":"info","message":"Session cleanup completed","service":"semaphore-oauth-demo","timestamp":"2025-11-05T06:05:00.525Z"}
{"level":"info","message":"Session cleanup completed","service":"semaphore-oauth-demo","timestamp":"2025-11-05T06:05:01.724Z"}
{"level":"info","message":"Session cleanup completed","service":"semaphore-oauth-demo","timestamp":"2025-11-05T06:05:01.876Z"}
{"level":"info","message":"Session cleanup completed","service":"semaphore-oauth-demo","timestamp":"2025-11-05T06:05:02.330Z"}
{"level":"info","message":"Session cleanup completed","service":"semaphore-oauth-demo","timestamp":"2025-11-05T06:09:49.781Z"}
{"level":"info","message":"Session cleanup completed","service":"semaphore-oauth-demo","timestamp":"2025-11-05T06:09:49.798Z"}
{"level":"info","message":"Session cleanup completed","service":"semaphore-oauth-demo","timestamp":"2025-11-05T06:09:49.798Z"}
{"level":"info","message":"Session cleanup completed","service":"semaphore-oauth-demo","timestamp":"2025-11-05T06:09:49.798Z"}
{"level":"info","message":"Session cleanup completed","service":"semaphore-oauth-demo","timestamp":"2025-11-05T06:09:49.799Z"}
{"level":"info","message":"Session cleanup completed","service":"semaphore-oauth-demo","timestamp":"2025-11-05T06:09:49.800Z"}
{"level":"info","message":"Session cleanup completed","service":"semaphore-oauth-demo","timestamp":"2025-11-05T06:09:49.800Z"}
{"level":"info","message":"Session cleanup completed","service":"semaphore-oauth-demo","timestamp":"2025-11-05T06:09:49.800Z"}
{"level":"info","message":"Session cleanup completed","service":"semaphore-oauth-demo","timestamp":"2025-11-05T06:09:49.801Z"}
{"level":"info","message":"Session cleanup completed","service":"semaphore-oauth-demo","timestamp":"2025-11-05T06:09:49.801Z"}
{"level":"info","message":"Session cleanup completed","service":"semaphore-oauth-demo","timestamp":"2025-11-05T06:09:49.801Z"}
{"level":"info","message":"Session cleanup completed","service":"semaphore-oauth-demo","timestamp":"2025-11-05T06:09:49.801Z"}
{"level":"info","message":"Session cleanup completed","service":"semaphore-oauth-demo","timestamp":"2025-11-05T06:09:49.803Z"}
{"level":"info","message":"Session cleanup completed","service":"semaphore-oauth-demo","timestamp":"2025-11-05T06:09:56.611Z"}
{"level":"info","message":"Session cleanup completed","service":"semaphore-oauth-demo","timestamp":"2025-11-05T06:10:00.524Z"}
{"level":"info","message":"Session cleanup completed","service":"semaphore-oauth-demo","timestamp":"2025-11-05T06:10:01.720Z"}
{"level":"info","message":"Session cleanup completed","service":"semaphore-oauth-demo","timestamp":"2025-11-05T06:10:01.873Z"}
{"level":"info","message":"Session cleanup completed","service":"semaphore-oauth-demo","timestamp":"2025-11-05T06:10:02.327Z"}
{"level":"info","message":"Session cleanup completed","service":"semaphore-oauth-demo","timestamp":"2025-11-05T06:14:49.779Z"}
{"level":"info","message":"Session cleanup completed","service":"semaphore-oauth-demo","timestamp":"2025-11-05T06:14:49.795Z"}
{"level":"info","message":"Session cleanup completed","service":"semaphore-oauth-demo","timestamp":"2025-11-05T06:14:49.796Z"}
{"level":"info","message":"Session cleanup completed","service":"semaphore-oauth-demo","timestamp":"2025-11-05T06:14:49.796Z"}
{"level":"info","message":"Session cleanup completed","service":"semaphore-oauth-demo","timestamp":"2025-11-05T06:14:49.797Z"}
{"level":"info","message":"Session cleanup completed","service":"semaphore-oauth-demo","timestamp":"2025-11-05T06:14:49.797Z"}
{"level":"info","message":"Session cleanup completed","service":"semaphore-oauth-demo","timestamp":"2025-11-05T06:14:49.797Z"}
{"level":"info","message":"Session cleanup completed","service":"semaphore-oauth-demo","timestamp":"2025-11-05T06:14:49.798Z"}
{"level":"info","message":"Session cleanup completed","service":"semaphore-oauth-demo","timestamp":"2025-11-05T06:14:49.798Z"}
{"level":"info","message":"Session cleanup completed","service":"semaphore-oauth-demo","timestamp":"2025-11-05T06:14:49.799Z"}
{"level":"info","message":"Session cleanup completed","service":"semaphore-oauth-demo","timestamp":"2025-11-05T06:14:49.799Z"}
{"level":"info","message":"Session cleanup completed","service":"semaphore-oauth-demo","timestamp":"2025-11-05T06:14:49.799Z"}
{"level":"info","message":"Session cleanup completed","service":"semaphore-oauth-demo","timestamp":"2025-11-05T06:14:49.800Z"}
{"level":"info","message":"Session cleanup completed","service":"semaphore-oauth-demo","timestamp":"2025-11-05T06:14:56.609Z"}
{"level":"info","message":"Session cleanup completed","service":"semaphore-oauth-demo","timestamp":"2025-11-05T06:15:00.521Z"}
{"level":"info","message":"Session cleanup completed","service":"semaphore-oauth-demo","timestamp":"2025-11-05T06:15:01.719Z"}
{"level":"info","message":"Session cleanup completed","service":"semaphore-oauth-demo","timestamp":"2025-11-05T06:15:01.870Z"}
{"level":"info","message":"Session cleanup completed","service":"semaphore-oauth-demo","timestamp":"2025-11-05T06:15:02.325Z"}
{"level":"info","message":"Session cleanup completed","service":"semaphore-oauth-demo","timestamp":"2025-11-05T06:19:49.777Z"}
{"level":"info","message":"Session cleanup completed","service":"semaphore-oauth-demo","timestamp":"2025-11-05T06:19:49.793Z"}
{"level":"info","message":"Session cleanup completed","service":"semaphore-oauth-demo","timestamp":"2025-11-05T06:19:49.794Z"}
{"level":"info","message":"Session cleanup completed","service":"semaphore-oauth-demo","timestamp":"2025-11-05T06:19:49.794Z"}
{"level":"info","message":"Session cleanup completed","service":"semaphore-oauth-demo","timestamp":"2025-11-05T06:19:49.795Z"}
{"level":"info","message":"Session cleanup completed","service":"semaphore-oauth-demo","timestamp":"2025-11-05T06:19:49.795Z"}
{"level":"info","message":"Session cleanup completed","service":"semaphore-oauth-demo","timestamp":"2025-11-05T06:19:49.795Z"}
{"level":"info","message":"Session cleanup completed","service":"semaphore-oauth-demo","timestamp":"2025-11-05T06:19:49.795Z"}
{"level":"info","message":"Session cleanup completed","service":"semaphore-oauth-demo","timestamp":"2025-11-05T06:19:49.796Z"}
{"level":"info","message":"Session cleanup completed","service":"semaphore-oauth-demo","timestamp":"2025-11-05T06:19:49.796Z"}
{"level":"info","message":"Session cleanup completed","service":"semaphore-oauth-demo","timestamp":"2025-11-05T06:19:49.796Z"}
{"level":"info","message":"Session cleanup completed","service":"semaphore-oauth-demo","timestamp":"2025-11-05T06:19:49.796Z"}
{"level":"info","message":"Session cleanup completed","service":"semaphore-oauth-demo","timestamp":"2025-11-05T06:19:49.796Z"}
{"level":"info","message":"Session cleanup completed","service":"semaphore-oauth-demo","timestamp":"2025-11-05T06:19:56.607Z"}
{"level":"info","message":"Session cleanup completed","service":"semaphore-oauth-demo","timestamp":"2025-11-05T06:20:00.519Z"}
{"level":"info","message":"Session cleanup completed","service":"semaphore-oauth-demo","timestamp":"2025-11-05T06:20:01.716Z"}
{"level":"info","message":"Session cleanup completed","service":"semaphore-oauth-demo","timestamp":"2025-11-05T06:20:01.868Z"}
{"level":"info","message":"Session cleanup completed","service":"semaphore-oauth-demo","timestamp":"2025-11-05T06:20:02.323Z"}
{"level":"info","message":"Session cleanup completed","service":"semaphore-oauth-demo","timestamp":"2025-11-05T06:24:49.774Z"}
{"level":"info","message":"Session cleanup completed","service":"semaphore-oauth-demo","timestamp":"2025-11-05T06:24:49.791Z"}
{"level":"info","message":"Session cleanup completed","service":"semaphore-oauth-demo","timestamp":"2025-11-05T06:24:49.791Z"}
{"level":"info","message":"Session cleanup completed","service":"semaphore-oauth-demo","timestamp":"2025-11-05T06:24:49.792Z"}
{"level":"info","message":"Session cleanup completed","service":"semaphore-oauth-demo","timestamp":"2025-11-05T06:24:49.793Z"}
{"level":"info","message":"Session cleanup completed","service":"semaphore-oauth-demo","timestamp":"2025-11-05T06:24:49.793Z"}
{"level":"info","message":"Session cleanup completed","service":"semaphore-oauth-demo","timestamp":"2025-11-05T06:24:49.793Z"}
{"level":"info","message":"Session cleanup completed","service":"semaphore-oauth-demo","timestamp":"2025-11-05T06:24:49.793Z"}
{"level":"info","message":"Session cleanup completed","service":"semaphore-oauth-demo","timestamp":"2025-11-05T06:24:49.793Z"}
{"level":"info","message":"Session cleanup completed","service":"semaphore-oauth-demo","timestamp":"2025-11-05T06:24:49.793Z"}
{"level":"info","message":"Session cleanup completed","service":"semaphore-oauth-demo","timestamp":"2025-11-05T06:24:49.794Z"}
{"level":"info","message":"Session cleanup completed","service":"semaphore-oauth-demo","timestamp":"2025-11-05T06:24:49.794Z"}
{"level":"info","message":"Session cleanup completed","service":"semaphore-oauth-demo","timestamp":"2025-11-05T06:24:49.794Z"}
{"level":"info","message":"Session cleanup completed","service":"semaphore-oauth-demo","timestamp":"2025-11-05T06:24:56.605Z"}
{"level":"info","message":"Session cleanup completed","service":"semaphore-oauth-demo","timestamp":"2025-11-05T06:25:00.517Z"}
{"level":"info","message":"Session cleanup completed","service":"semaphore-oauth-demo","timestamp":"2025-11-05T06:25:01.714Z"}
{"level":"info","message":"Session cleanup completed","service":"semaphore-oauth-demo","timestamp":"2025-11-05T06:25:01.866Z"}
{"level":"info","message":"Session cleanup completed","service":"semaphore-oauth-demo","timestamp":"2025-11-05T06:25:02.321Z"}
{"level":"info","message":"Session cleanup completed","service":"semaphore-oauth-demo","timestamp":"2025-11-05T06:29:49.772Z"}
{"level":"info","message":"Session cleanup completed","service":"semaphore-oauth-demo","timestamp":"2025-11-05T06:29:49.789Z"}
{"level":"info","message":"Session cleanup completed","service":"semaphore-oauth-demo","timestamp":"2025-11-05T06:29:49.790Z"}
{"level":"info","message":"Session cleanup completed","service":"semaphore-oauth-demo","timestamp":"2025-11-05T06:29:49.790Z"}
{"level":"info","message":"Session cleanup completed","service":"semaphore-oauth-demo","timestamp":"2025-11-05T06:29:49.791Z"}
{"level":"info","message":"Session cleanup completed","service":"semaphore-oauth-demo","timestamp":"2025-11-05T06:29:49.791Z"}
{"level":"info","message":"Session cleanup completed","service":"semaphore-oauth-demo","timestamp":"2025-11-05T06:29:49.791Z"}
{"level":"info","message":"Session cleanup completed","service":"semaphore-oauth-demo","timestamp":"2025-11-05T06:29:49.791Z"}
{"level":"info","message":"Session cleanup completed","service":"semaphore-oauth-demo","timestamp":"2025-11-05T06:29:49.792Z"}
{"level":"info","message":"Session cleanup completed","service":"semaphore-oauth-demo","timestamp":"2025-11-05T06:29:49.792Z"}
{"level":"info","message":"Session cleanup completed","service":"semaphore-oauth-demo","timestamp":"2025-11-05T06:29:49.792Z"}
{"level":"info","message":"Session cleanup completed","service":"semaphore-oauth-demo","timestamp":"2025-11-05T06:29:49.792Z"}
{"level":"info","message":"Session cleanup completed","service":"semaphore-oauth-demo","timestamp":"2025-11-05T06:29:49.792Z"}
{"level":"info","message":"Session cleanup completed","service":"semaphore-oauth-demo","timestamp":"2025-11-05T06:29:56.605Z"}
{"level":"info","message":"Session cleanup completed","service":"semaphore-oauth-demo","timestamp":"2025-11-05T06:30:00.515Z"}
{"level":"info","message":"Session cleanup completed","service":"semaphore-oauth-demo","timestamp":"2025-11-05T06:30:01.712Z"}
{"level":"info","message":"Session cleanup completed","service":"semaphore-oauth-demo","timestamp":"2025-11-05T06:30:01.863Z"}
{"level":"info","message":"Session cleanup completed","service":"semaphore-oauth-demo","timestamp":"2025-11-05T06:30:02.319Z"}
{"level":"info","message":"Session cleanup completed","service":"semaphore-oauth-demo","timestamp":"2025-11-05T06:36:19.413Z"}
{"level":"info","message":"Session cleanup completed","service":"semaphore-oauth-demo","timestamp":"2025-11-05T06:41:19.413Z"}
{"level":"info","message":"Session cleanup completed","service":"semaphore-oauth-demo","timestamp":"2025-11-05T06:46:19.415Z"}
{"level":"info","message":"Session cleanup completed","service":"semaphore-oauth-demo","timestamp":"2025-11-05T06:51:19.422Z"}
{"level":"info","message":"Session cleanup completed","service":"semaphore-oauth-demo","timestamp":"2025-11-05T06:56:19.425Z"}
{"level":"info","message":"Session cleanup completed","service":"semaphore-oauth-demo","timestamp":"2025-11-05T07:16:24.635Z"}
{"level":"info","message":"Session cleanup completed","service":"semaphore-oauth-demo","timestamp":"2025-11-05T07:32:29.858Z"}
{"level":"info","message":"Session cleanup completed","service":"semaphore-oauth-demo","timestamp":"2025-11-05T07:48:16.515Z"}
{"level":"info","message":"Session cleanup completed","service":"semaphore-oauth-demo","timestamp":"2025-11-05T08:03:22.129Z"}
{"level":"info","message":"Session cleanup completed","service":"semaphore-oauth-demo","timestamp":"2025-11-05T08:21:15.774Z"}
{"level":"info","message":"Session cleanup completed","service":"semaphore-oauth-demo","timestamp":"2025-11-05T08:54:31.015Z"}
{"level":"info","message":"Session cleanup completed","service":"semaphore-oauth-demo","timestamp":"2025-11-05T09:01:46.072Z"}
{"level":"info","message":"Session cleanup completed","service":"semaphore-oauth-demo","timestamp":"2025-11-05T09:20:00.332Z"}
{"level":"info","message":"Session cleanup completed","service":"semaphore-oauth-demo","timestamp":"2025-11-05T09:32:36.875Z"}
{"level":"info","message":"Session timed out due to inactivity","service":"semaphore-oauth-demo","sessionId":"b034886f-740b-4826-9422-632d0e2efa98","timestamp":"2025-11-05T09:37:19.051Z","userId":"google-oauth2|113581279399430147949"}
{"level":"info","message":"New session created","service":"semaphore-oauth-demo","sessionId":"8a099177-50a8-47f3-b45f-814f99b076ca","timestamp":"2025-11-05T09:37:19.137Z","userId":"google-oauth2|113581279399430147949"}
{"level":"info","message":"Session timed out due to inactivity","service":"semaphore-oauth-demo","sessionId":"30bfabce-3ca2-4876-8b3b-42f1b0c74cce","timestamp":"2025-11-05T09:37:44.583Z","userId":"google-oauth2|110406690134492839349"}
{"level":"info","message":"New session created","service":"semaphore-oauth-demo","sessionId":"8f89f320-cef3-4728-983a-97817f7b4396","timestamp":"2025-11-05T09:37:44.677Z","userId":"google-oauth2|110406690134492839349"}
{"hasCommitment":true,"level":"info","message":"Session identity updated","service":"semaphore-oauth-demo","sessionId":"8f89f320-cef3-4728-983a-97817f7b4396","timestamp":"2025-11-05T09:38:40.107Z"}
{"hasCommitment":true,"level":"info","message":"Session identity updated","service":"semaphore-oauth-demo","sessionId":"8f89f320-cef3-4728-983a-97817f7b4396","timestamp":"2025-11-05T09:38:47.519Z"}
{"level":"info","message":"Session cleanup completed","service":"semaphore-oauth-demo","timestamp":"2025-11-05T09:46:54.799Z"}
{"level":"info","message":"Session cleanup completed","service":"semaphore-oauth-demo","timestamp":"2025-11-05T09:51:54.796Z"}
{"level":"info","message":"Session cleanup completed","service":"semaphore-oauth-demo","timestamp":"2025-11-05T09:56:54.795Z"}
{"level":"info","message":"Session cleanup completed","service":"semaphore-oauth-demo","timestamp":"2025-11-05T10:01:54.776Z"}
{"level":"info","message":"Session cleanup completed","service":"semaphore-oauth-demo","timestamp":"2025-11-05T10:06:54.767Z"}
{"level":"info","message":"Session cleanup completed","service":"semaphore-oauth-demo","timestamp":"2025-11-05T10:11:54.764Z"}
{"level":"info","message":"Session cleanup completed","service":"semaphore-oauth-demo","timestamp":"2025-11-05T10:16:54.763Z"}
{"level":"info","message":"Session cleanup completed","service":"semaphore-oauth-demo","timestamp":"2025-11-05T10:21:54.760Z"}
{"level":"info","message":"Session cleanup completed","service":"semaphore-oauth-demo","timestamp":"2025-11-05T10:26:54.758Z"}
{"level":"info","message":"Session cleanup completed","service":"semaphore-oauth-demo","timestamp":"2025-11-05T10:31:54.756Z"}
{"level":"info","message":"Session cleanup completed","service":"semaphore-oauth-demo","timestamp":"2025-11-05T10:36:54.768Z"}
{"level":"info","message":"Session cleanup completed","service":"semaphore-oauth-demo","timestamp":"2025-11-05T10:41:54.767Z"}
{"level":"info","message":"Session cleanup completed","service":"semaphore-oauth-demo","timestamp":"2025-11-05T10:46:54.762Z"}
{"level":"info","message":"Session cleanup completed","service":"semaphore-oauth-demo","timestamp":"2025-11-05T10:51:54.780Z"}
{"level":"info","message":"Session cleanup completed","service":"semaphore-oauth-demo","timestamp":"2025-11-05T10:56:54.783Z"}
{"level":"info","message":"Session cleanup completed","service":"semaphore-oauth-demo","timestamp":"2025-11-05T11:01:54.777Z"}
{"level":"info","message":"Session cleanup completed","service":"semaphore-oauth-demo","timestamp":"2025-11-05T11:06:54.784Z"}
{"level":"info","message":"Session cleanup completed","service":"semaphore-oauth-demo","timestamp":"2025-11-05T11:11:54.783Z"}
{"level":"info","message":"Session cleanup completed","service":"semaphore-oauth-demo","timestamp":"2025-11-05T11:16:54.783Z"}
{"level":"info","message":"Session cleanup completed","service":"semaphore-oauth-demo","timestamp":"2025-11-05T11:21:54.790Z"}
{"level":"info","message":"Session cleanup completed","service":"semaphore-oauth-demo","timestamp":"2025-11-05T11:26:54.793Z"}
{"level":"info","message":"Session cleanup completed","service":"semaphore-oauth-demo","timestamp":"2025-11-05T11:31:54.792Z"}
{"level":"info","message":"Session cleanup completed","service":"semaphore-oauth-demo","timestamp":"2025-11-05T11:36:54.791Z"}
{"level":"info","message":"Session cleanup completed","service":"semaphore-oauth-demo","timestamp":"2025-11-05T11:41:54.775Z"}
{"level":"info","message":"Session cleanup completed","service":"semaphore-oauth-demo","timestamp":"2025-11-05T11:46:54.774Z"}
{"level":"info","message":"Session cleanup completed","service":"semaphore-oauth-demo","timestamp":"2025-11-05T11:51:54.774Z"}
{"level":"info","message":"Session cleanup completed","service":"semaphore-oauth-demo","timestamp":"2025-11-05T11:56:54.759Z"}
{"level":"info","message":"Session cleanup completed","service":"semaphore-oauth-demo","timestamp":"2025-11-05T12:01:54.758Z"}
{"level":"info","message":"Session cleanup completed","service":"semaphore-oauth-demo","timestamp":"2025-11-05T12:06:54.756Z"}
{"level":"info","message":"Session cleanup completed","service":"semaphore-oauth-demo","timestamp":"2025-11-05T12:11:54.748Z"}
{"level":"info","message":"Session cleanup completed","service":"semaphore-oauth-demo","timestamp":"2025-11-05T12:16:54.745Z"}
{"level":"info","message":"Session cleanup completed","service":"semaphore-oauth-demo","timestamp":"2025-11-05T12:21:54.742Z"}
{"level":"info","message":"Session cleanup completed","service":"semaphore-oauth-demo","timestamp":"2025-11-05T12:26:54.764Z"}
{"level":"info","message":"Session cleanup completed","service":"semaphore-oauth-demo","timestamp":"2025-11-05T12:31:54.764Z"}
{"level":"info","message":"Session cleanup completed","service":"semaphore-oauth-demo","timestamp":"2025-11-05T12:43:21.529Z"}
