{"level":"info","message":"Session timed out due to inactivity","service":"semaphore-oauth-demo","sessionId":"d3caefd6-5a30-4a7c-818c-61a3c128250d","timestamp":"2025-11-28T07:02:21.018Z","userId":"google-oauth2|108823896399207584038"}
{"level":"info","message":"Session timed out due to inactivity","service":"semaphore-oauth-demo","sessionId":"d3caefd6-5a30-4a7c-818c-61a3c128250d","timestamp":"2025-11-28T07:02:21.021Z","userId":"google-oauth2|108823896399207584038"}
{"level":"info","message":"Session timed out due to inactivity","service":"semaphore-oauth-demo","sessionId":"d3caefd6-5a30-4a7c-818c-61a3c128250d","timestamp":"2025-11-28T07:02:21.022Z","userId":"google-oauth2|108823896399207584038"}
{"error":"duplicate key value violates unique constraint \"rate_limits_identifier_action_idx\"","level":"warn","message":"Rate limit DB window init failed","service":"semaphore-oauth-demo","timestamp":"2025-11-28T07:02:21.023Z"}
{"level":"info","message":"New session created","service":"semaphore-oauth-demo","sessionId":"1bf51704-eab5-43db-b49e-7cab1a922594","timestamp":"2025-11-28T07:02:21.118Z","userId":"google-oauth2|108823896399207584038"}
{"level":"info","message":"New session created","service":"semaphore-oauth-demo","sessionId":"7fce3cb5-913d-46ae-980e-cb5da0d69b45","timestamp":"2025-11-28T07:06:38.339Z","userId":"google-oauth2|110406690134492839349"}
{"error":"duplicate key value violates unique constraint \"user_sessions_session_id_unique\"","level":"error","message":"DB session upsert failed","service":"semaphore-oauth-demo","sessionId":"7fce3cb5-913d-46ae-980e-cb5da0d69b45","timestamp":"2025-11-28T07:06:38.343Z"}
{"hasCommitment":true,"level":"info","message":"Session identity updated","service":"semaphore-oauth-demo","sessionId":"7fce3cb5-913d-46ae-980e-cb5da0d69b45","timestamp":"2025-11-28T07:06:43.444Z"}
{"level":"info","message":"Session cleanup completed","service":"semaphore-oauth-demo","timestamp":"2025-11-28T07:07:20.898Z"}
{"hasCommitment":true,"level":"info","message":"Session identity updated","service":"semaphore-oauth-demo","sessionId":"7fce3cb5-913d-46ae-980e-cb5da0d69b45","timestamp":"2025-11-28T07:09:38.072Z"}
{"level":"info","message":"New session created","service":"semaphore-oauth-demo","sessionId":"1006d213-c7ce-497c-9819-b32812cedecc","timestamp":"2025-11-28T07:10:08.462Z","userId":"google-oauth2|110246871958366696322"}
{"hasCommitment":true,"level":"info","message":"Session identity updated","service":"semaphore-oauth-demo","sessionId":"1006d213-c7ce-497c-9819-b32812cedecc","timestamp":"2025-11-28T07:10:11.279Z"}
{"level":"info","message":"Session cleanup completed","service":"semaphore-oauth-demo","timestamp":"2025-11-28T07:11:43.329Z"}
{"level":"info","message":"Session cleanup completed","service":"semaphore-oauth-demo","timestamp":"2025-11-28T07:11:46.242Z"}
{"level":"info","message":"Session cleanup completed","service":"semaphore-oauth-demo","timestamp":"2025-11-28T07:12:20.828Z"}
{"level":"info","message":"Session cleanup completed","service":"semaphore-oauth-demo","timestamp":"2025-11-28T07:14:25.000Z"}
{"level":"info","message":"Session cleanup completed","service":"semaphore-oauth-demo","timestamp":"2025-11-28T07:14:35.170Z"}
{"level":"info","message":"Session cleanup completed","service":"semaphore-oauth-demo","timestamp":"2025-11-28T07:14:38.054Z"}
{"level":"info","message":"Session cleanup completed","service":"semaphore-oauth-demo","timestamp":"2025-11-28T07:15:08.393Z"}
{"level":"info","message":"Session cleanup completed","service":"semaphore-oauth-demo","timestamp":"2025-11-28T07:15:08.556Z"}
{"level":"info","message":"Session cleanup completed","service":"semaphore-oauth-demo","timestamp":"2025-11-28T07:15:15.575Z"}
{"level":"info","message":"Session cleanup completed","service":"semaphore-oauth-demo","timestamp":"2025-11-28T07:16:43.326Z"}
{"level":"info","message":"Session cleanup completed","service":"semaphore-oauth-demo","timestamp":"2025-11-28T07:16:46.239Z"}
{"level":"info","message":"Session cleanup completed","service":"semaphore-oauth-demo","timestamp":"2025-11-28T07:17:20.826Z"}
{"level":"info","message":"Session cleanup completed","service":"semaphore-oauth-demo","timestamp":"2025-11-28T07:19:24.996Z"}
{"level":"info","message":"Session cleanup completed","service":"semaphore-oauth-demo","timestamp":"2025-11-28T07:19:35.166Z"}
{"level":"info","message":"Session cleanup completed","service":"semaphore-oauth-demo","timestamp":"2025-11-28T07:19:38.051Z"}
{"level":"info","message":"Session cleanup completed","service":"semaphore-oauth-demo","timestamp":"2025-11-28T07:20:08.390Z"}
{"level":"info","message":"Session cleanup completed","service":"semaphore-oauth-demo","timestamp":"2025-11-28T07:20:08.553Z"}
{"level":"info","message":"Session cleanup completed","service":"semaphore-oauth-demo","timestamp":"2025-11-28T07:20:15.571Z"}
{"level":"info","message":"Session cleanup completed","service":"semaphore-oauth-demo","timestamp":"2025-11-28T07:21:43.323Z"}
{"level":"info","message":"Session cleanup completed","service":"semaphore-oauth-demo","timestamp":"2025-11-28T07:21:46.235Z"}
{"level":"info","message":"Session cleanup completed","service":"semaphore-oauth-demo","timestamp":"2025-11-28T07:22:20.822Z"}
{"level":"info","message":"Session cleanup completed","service":"semaphore-oauth-demo","timestamp":"2025-11-28T07:24:24.994Z"}
{"level":"info","message":"Session cleanup completed","service":"semaphore-oauth-demo","timestamp":"2025-11-28T07:24:35.163Z"}
{"level":"info","message":"Session cleanup completed","service":"semaphore-oauth-demo","timestamp":"2025-11-28T07:24:38.048Z"}
{"level":"info","message":"Session cleanup completed","service":"semaphore-oauth-demo","timestamp":"2025-11-28T07:25:08.387Z"}
{"level":"info","message":"Session cleanup completed","service":"semaphore-oauth-demo","timestamp":"2025-11-28T07:25:08.550Z"}
{"level":"info","message":"Session cleanup completed","service":"semaphore-oauth-demo","timestamp":"2025-11-28T07:25:15.569Z"}
{"level":"info","message":"Session cleanup completed","service":"semaphore-oauth-demo","timestamp":"2025-11-28T07:26:43.348Z"}
{"level":"info","message":"Session cleanup completed","service":"semaphore-oauth-demo","timestamp":"2025-11-28T07:26:46.261Z"}
{"level":"info","message":"Session cleanup completed","service":"semaphore-oauth-demo","timestamp":"2025-11-28T07:27:20.848Z"}
{"level":"info","message":"Session cleanup completed","service":"semaphore-oauth-demo","timestamp":"2025-11-28T07:29:25.020Z"}
{"level":"info","message":"Session cleanup completed","service":"semaphore-oauth-demo","timestamp":"2025-11-28T07:29:35.189Z"}
{"level":"info","message":"Session cleanup completed","service":"semaphore-oauth-demo","timestamp":"2025-11-28T07:29:38.074Z"}
{"level":"info","message":"Session cleanup completed","service":"semaphore-oauth-demo","timestamp":"2025-11-28T07:30:08.413Z"}
{"level":"info","message":"Session cleanup completed","service":"semaphore-oauth-demo","timestamp":"2025-11-28T07:30:08.576Z"}
{"level":"info","message":"Session cleanup completed","service":"semaphore-oauth-demo","timestamp":"2025-11-28T07:30:15.595Z"}
{"level":"info","message":"Session cleanup completed","service":"semaphore-oauth-demo","timestamp":"2025-11-28T07:31:43.346Z"}
{"level":"info","message":"Session cleanup completed","service":"semaphore-oauth-demo","timestamp":"2025-11-28T07:31:46.259Z"}
{"level":"info","message":"Session cleanup completed","service":"semaphore-oauth-demo","timestamp":"2025-11-28T07:32:20.847Z"}
{"level":"info","message":"Session cleanup completed","service":"semaphore-oauth-demo","timestamp":"2025-11-28T07:34:25.018Z"}
{"level":"info","message":"Session cleanup completed","service":"semaphore-oauth-demo","timestamp":"2025-11-28T07:34:35.187Z"}
{"level":"info","message":"Session cleanup completed","service":"semaphore-oauth-demo","timestamp":"2025-11-28T07:34:38.072Z"}
{"level":"info","message":"Session cleanup completed","service":"semaphore-oauth-demo","timestamp":"2025-11-28T07:35:08.412Z"}
{"level":"info","message":"Session cleanup completed","service":"semaphore-oauth-demo","timestamp":"2025-11-28T07:35:08.574Z"}
{"level":"info","message":"Session cleanup completed","service":"semaphore-oauth-demo","timestamp":"2025-11-28T07:35:15.594Z"}
{"level":"info","message":"Session cleanup completed","service":"semaphore-oauth-demo","timestamp":"2025-11-28T07:36:43.344Z"}
{"level":"info","message":"Session cleanup completed","service":"semaphore-oauth-demo","timestamp":"2025-11-28T07:36:46.257Z"}
{"level":"info","message":"Session cleanup completed","service":"semaphore-oauth-demo","timestamp":"2025-11-28T07:37:20.845Z"}
{"level":"info","message":"Session cleanup completed","service":"semaphore-oauth-demo","timestamp":"2025-11-28T07:39:25.017Z"}
{"level":"info","message":"Session cleanup completed","service":"semaphore-oauth-demo","timestamp":"2025-11-28T07:39:35.185Z"}
{"level":"info","message":"Session cleanup completed","service":"semaphore-oauth-demo","timestamp":"2025-11-28T07:39:38.070Z"}
{"level":"info","message":"New session created","service":"semaphore-oauth-demo","sessionId":"e689b94f-a987-47b6-8610-7ce2afcec39f","timestamp":"2025-11-28T07:40:32.861Z","userId":"google-oauth2|110246871958366696322"}
{"level":"info","message":"Session timed out due to inactivity","service":"semaphore-oauth-demo","sessionId":"1006d213-c7ce-497c-9819-b32812cedecc","timestamp":"2025-11-28T07:40:32.863Z","userId":"google-oauth2|110246871958366696322"}
{"level":"info","message":"New session created","service":"semaphore-oauth-demo","sessionId":"3ee5b0c3-f51c-4f05-84b5-ef5fafb69af0","timestamp":"2025-11-28T07:40:32.864Z","userId":"google-oauth2|110246871958366696322"}
{"hasCommitment":true,"level":"info","message":"Session identity updated","service":"semaphore-oauth-demo","sessionId":"e689b94f-a987-47b6-8610-7ce2afcec39f","timestamp":"2025-11-28T07:40:35.121Z"}
{"hasCommitment":true,"level":"info","message":"Session identity updated","service":"semaphore-oauth-demo","sessionId":"e689b94f-a987-47b6-8610-7ce2afcec39f","timestamp":"2025-11-28T07:41:06.817Z"}
{"hasCommitment":true,"level":"info","message":"Session identity updated","service":"semaphore-oauth-demo","sessionId":"e689b94f-a987-47b6-8610-7ce2afcec39f","timestamp":"2025-11-28T07:41:19.840Z"}
{"level":"warn","message":"Proof already stored (unique constraint)","nullifierHash":"6903970341065977...","service":"semaphore-oauth-demo","timestamp":"2025-11-28T07:41:21.049Z"}
{"level":"info","message":"Session cleanup completed","service":"semaphore-oauth-demo","timestamp":"2025-11-28T07:45:32.780Z"}
{"level":"info","message":"Session cleanup completed","service":"semaphore-oauth-demo","timestamp":"2025-11-28T07:45:35.120Z"}
{"level":"info","message":"Session cleanup completed","service":"semaphore-oauth-demo","timestamp":"2025-11-28T07:46:11.825Z"}
{"level":"info","message":"Session cleanup completed","service":"semaphore-oauth-demo","timestamp":"2025-11-28T07:46:18.591Z"}
{"level":"info","message":"Session cleanup completed","service":"semaphore-oauth-demo","timestamp":"2025-11-28T07:46:19.849Z"}
{"level":"info","message":"Session cleanup completed","service":"semaphore-oauth-demo","timestamp":"2025-11-28T07:46:20.051Z"}
{"level":"info","message":"Session cleanup completed","service":"semaphore-oauth-demo","timestamp":"2025-11-28T07:46:21.025Z"}
{"level":"info","message":"Session timed out due to inactivity","service":"semaphore-oauth-demo","sessionId":"e97aec91-f738-48fe-9710-91582d441e14","timestamp":"2025-11-28T07:49:34.055Z","userId":"google-oauth2|113605881636306530396"}
{"level":"info","message":"New session created","service":"semaphore-oauth-demo","sessionId":"84a6b059-426c-4d2f-b2c8-462dbcc53de6","timestamp":"2025-11-28T07:49:34.064Z","userId":"google-oauth2|113605881636306530396"}
{"hasCommitment":true,"level":"info","message":"Session identity updated","service":"semaphore-oauth-demo","sessionId":"84a6b059-426c-4d2f-b2c8-462dbcc53de6","timestamp":"2025-11-28T07:49:42.788Z"}
{"level":"info","message":"Session cleanup completed","service":"semaphore-oauth-demo","timestamp":"2025-11-28T07:54:07.100Z"}
{"level":"info","message":"Session cleanup completed","service":"semaphore-oauth-demo","timestamp":"2025-11-28T07:54:42.784Z"}
{"hasCommitment":true,"level":"info","message":"Session identity updated","service":"semaphore-oauth-demo","sessionId":"84a6b059-426c-4d2f-b2c8-462dbcc53de6","timestamp":"2025-11-28T07:58:35.672Z"}
{"level":"info","message":"Shutting down logger...","service":"semaphore-oauth-demo","timestamp":"2025-11-28T07:59:26.584Z"}
{"hasCommitment":true,"level":"info","message":"Session identity updated","service":"semaphore-oauth-demo","sessionId":"84a6b059-426c-4d2f-b2c8-462dbcc53de6","timestamp":"2025-11-28T08:00:26.145Z"}
{"level":"info","message":"New session created","service":"semaphore-oauth-demo","sessionId":"0fe6d60b-36ae-4a5d-9a65-70e076da5e06","timestamp":"2025-11-28T08:01:34.104Z","userId":"google-oauth2|113581279399430147949"}
{"hasCommitment":true,"level":"info","message":"Session identity updated","service":"semaphore-oauth-demo","sessionId":"0fe6d60b-36ae-4a5d-9a65-70e076da5e06","timestamp":"2025-11-28T08:01:38.024Z"}
{"level":"info","message":"Session cleanup completed","service":"semaphore-oauth-demo","timestamp":"2025-11-28T08:05:08.628Z"}
{"level":"info","message":"Session cleanup completed","service":"semaphore-oauth-demo","timestamp":"2025-11-28T08:05:26.129Z"}
{"level":"info","message":"Session cleanup completed","service":"semaphore-oauth-demo","timestamp":"2025-11-28T08:07:22.584Z"}
{"level":"info","message":"Session cleanup completed","service":"semaphore-oauth-demo","timestamp":"2025-11-28T08:10:08.553Z"}
{"level":"info","message":"Session cleanup completed","service":"semaphore-oauth-demo","timestamp":"2025-11-28T08:10:26.128Z"}
{"level":"info","message":"Session cleanup completed","service":"semaphore-oauth-demo","timestamp":"2025-11-28T08:12:22.569Z"}
{"level":"info","message":"Session cleanup completed","service":"semaphore-oauth-demo","timestamp":"2025-11-28T08:15:08.561Z"}
{"level":"info","message":"Session cleanup completed","service":"semaphore-oauth-demo","timestamp":"2025-11-28T08:15:26.138Z"}
{"hasCommitment":true,"level":"info","message":"Session identity updated","service":"semaphore-oauth-demo","sessionId":"0fe6d60b-36ae-4a5d-9a65-70e076da5e06","timestamp":"2025-11-28T08:16:44.174Z"}
{"level":"info","message":"Session cleanup completed","service":"semaphore-oauth-demo","timestamp":"2025-11-28T08:17:22.580Z"}
{"hasCommitment":true,"level":"info","message":"Session identity updated","service":"semaphore-oauth-demo","sessionId":"e689b94f-a987-47b6-8610-7ce2afcec39f","timestamp":"2025-11-28T08:17:25.154Z"}
{"level":"info","message":"Session cleanup completed","service":"semaphore-oauth-demo","timestamp":"2025-11-28T08:20:08.563Z"}
{"level":"info","message":"Session cleanup completed","service":"semaphore-oauth-demo","timestamp":"2025-11-28T08:20:26.139Z"}
{"level":"info","message":"Session cleanup completed","service":"semaphore-oauth-demo","timestamp":"2025-11-28T08:21:40.527Z"}
{"level":"info","message":"Session cleanup completed","service":"semaphore-oauth-demo","timestamp":"2025-11-28T08:21:44.159Z"}
{"level":"info","message":"Session cleanup completed","service":"semaphore-oauth-demo","timestamp":"2025-11-28T08:22:22.580Z"}
{"level":"info","message":"Session cleanup completed","service":"semaphore-oauth-demo","timestamp":"2025-11-28T08:23:05.442Z"}
{"level":"info","message":"Session cleanup completed","service":"semaphore-oauth-demo","timestamp":"2025-11-28T08:25:08.563Z"}
{"level":"info","message":"Session cleanup completed","service":"semaphore-oauth-demo","timestamp":"2025-11-28T08:25:26.138Z"}
{"level":"info","message":"Session cleanup completed","service":"semaphore-oauth-demo","timestamp":"2025-11-28T08:26:40.526Z"}
{"level":"info","message":"Session cleanup completed","service":"semaphore-oauth-demo","timestamp":"2025-11-28T08:26:44.158Z"}
{"level":"info","message":"Session cleanup completed","service":"semaphore-oauth-demo","timestamp":"2025-11-28T08:27:22.580Z"}
{"level":"info","message":"Session cleanup completed","service":"semaphore-oauth-demo","timestamp":"2025-11-28T08:28:05.442Z"}
{"level":"info","message":"Session cleanup completed","service":"semaphore-oauth-demo","timestamp":"2025-11-28T08:30:08.562Z"}
{"level":"info","message":"Session cleanup completed","service":"semaphore-oauth-demo","timestamp":"2025-11-28T08:30:26.138Z"}
{"level":"info","message":"Session cleanup completed","service":"semaphore-oauth-demo","timestamp":"2025-11-28T08:31:40.532Z"}
{"level":"info","message":"Session cleanup completed","service":"semaphore-oauth-demo","timestamp":"2025-11-28T08:31:44.165Z"}
{"level":"info","message":"Session cleanup completed","service":"semaphore-oauth-demo","timestamp":"2025-11-28T08:32:22.587Z"}
{"level":"info","message":"Session cleanup completed","service":"semaphore-oauth-demo","timestamp":"2025-11-28T08:33:05.448Z"}
{"level":"info","message":"Session cleanup completed","service":"semaphore-oauth-demo","timestamp":"2025-11-28T08:35:08.569Z"}
{"level":"info","message":"Session cleanup completed","service":"semaphore-oauth-demo","timestamp":"2025-11-28T08:35:26.145Z"}
{"level":"info","message":"Session cleanup completed","service":"semaphore-oauth-demo","timestamp":"2025-11-28T08:36:40.533Z"}
{"level":"info","message":"Session cleanup completed","service":"semaphore-oauth-demo","timestamp":"2025-11-28T08:36:44.166Z"}
{"level":"info","message":"Session cleanup completed","service":"semaphore-oauth-demo","timestamp":"2025-11-28T08:37:22.587Z"}
{"level":"info","message":"Session cleanup completed","service":"semaphore-oauth-demo","timestamp":"2025-11-28T08:38:05.449Z"}
{"level":"info","message":"Shutting down logger...","service":"semaphore-oauth-demo","timestamp":"2025-11-28T08:38:35.867Z"}
{"hasCommitment":true,"level":"info","message":"Session identity updated","service":"semaphore-oauth-demo","sessionId":"e689b94f-a987-47b6-8610-7ce2afcec39f","timestamp":"2025-11-28T08:41:04.674Z"}
{"hasCommitment":true,"level":"info","message":"Session identity updated","service":"semaphore-oauth-demo","sessionId":"e689b94f-a987-47b6-8610-7ce2afcec39f","timestamp":"2025-11-28T08:43:59.000Z"}
{"level":"info","message":"Session cleanup completed","service":"semaphore-oauth-demo","timestamp":"2025-11-28T08:45:59.660Z"}
{"level":"info","message":"Session cleanup completed","service":"semaphore-oauth-demo","timestamp":"2025-11-28T08:46:04.652Z"}
{"hasCommitment":true,"level":"info","message":"Session identity updated","service":"semaphore-oauth-demo","sessionId":"e689b94f-a987-47b6-8610-7ce2afcec39f","timestamp":"2025-11-28T08:47:00.835Z"}
{"level":"warn","message":"Proof already stored (unique constraint)","nullifierHash":"6903970341065977...","service":"semaphore-oauth-demo","timestamp":"2025-11-28T08:47:02.096Z"}
{"level":"info","message":"Session cleanup completed","service":"semaphore-oauth-demo","timestamp":"2025-11-28T09:05:06.537Z"}
{"level":"info","message":"Session cleanup completed","service":"semaphore-oauth-demo","timestamp":"2025-11-28T09:05:06.542Z"}
{"level":"info","message":"Session cleanup completed","service":"semaphore-oauth-demo","timestamp":"2025-11-28T09:05:06.543Z"}
{"level":"info","message":"Session cleanup completed","service":"semaphore-oauth-demo","timestamp":"2025-11-28T09:05:06.544Z"}
{"level":"info","message":"Session cleanup completed","service":"semaphore-oauth-demo","timestamp":"2025-11-28T09:05:06.545Z"}
{"level":"info","message":"Session cleanup completed","service":"semaphore-oauth-demo","timestamp":"2025-11-28T09:05:06.546Z"}
{"level":"info","message":"Session cleanup completed","service":"semaphore-oauth-demo","timestamp":"2025-11-28T09:05:06.546Z"}
{"level":"info","message":"Session cleanup completed","service":"semaphore-oauth-demo","timestamp":"2025-11-28T09:05:06.547Z"}
{"level":"info","message":"Session cleanup completed","service":"semaphore-oauth-demo","timestamp":"2025-11-28T09:18:21.450Z"}
{"level":"info","message":"Session cleanup completed","service":"semaphore-oauth-demo","timestamp":"2025-11-28T09:18:21.451Z"}
{"level":"info","message":"Session cleanup completed","service":"semaphore-oauth-demo","timestamp":"2025-11-28T09:18:21.452Z"}
{"level":"info","message":"Session cleanup completed","service":"semaphore-oauth-demo","timestamp":"2025-11-28T09:18:21.452Z"}
{"level":"info","message":"Session cleanup completed","service":"semaphore-oauth-demo","timestamp":"2025-11-28T09:18:21.453Z"}
{"level":"info","message":"Session cleanup completed","service":"semaphore-oauth-demo","timestamp":"2025-11-28T09:18:21.453Z"}
{"level":"info","message":"Session cleanup completed","service":"semaphore-oauth-demo","timestamp":"2025-11-28T09:18:21.454Z"}
{"level":"info","message":"Session cleanup completed","service":"semaphore-oauth-demo","timestamp":"2025-11-28T09:18:21.454Z"}
{"level":"info","message":"Session cleanup completed","service":"semaphore-oauth-demo","timestamp":"2025-11-28T09:23:21.452Z"}
{"level":"info","message":"Session cleanup completed","service":"semaphore-oauth-demo","timestamp":"2025-11-28T09:23:21.470Z"}
{"level":"info","message":"Session cleanup completed","service":"semaphore-oauth-demo","timestamp":"2025-11-28T09:23:21.470Z"}
{"level":"info","message":"Session cleanup completed","service":"semaphore-oauth-demo","timestamp":"2025-11-28T09:23:21.470Z"}
{"level":"info","message":"Session cleanup completed","service":"semaphore-oauth-demo","timestamp":"2025-11-28T09:23:21.471Z"}
{"level":"info","message":"Session cleanup completed","service":"semaphore-oauth-demo","timestamp":"2025-11-28T09:23:21.471Z"}
{"level":"info","message":"Session cleanup completed","service":"semaphore-oauth-demo","timestamp":"2025-11-28T09:23:21.471Z"}
{"level":"info","message":"Session cleanup completed","service":"semaphore-oauth-demo","timestamp":"2025-11-28T09:23:21.480Z"}
{"level":"info","message":"Session cleanup completed","service":"semaphore-oauth-demo","timestamp":"2025-11-28T09:28:21.449Z"}
{"level":"info","message":"Session cleanup completed","service":"semaphore-oauth-demo","timestamp":"2025-11-28T09:28:21.490Z"}
{"level":"info","message":"Session cleanup completed","service":"semaphore-oauth-demo","timestamp":"2025-11-28T09:28:21.492Z"}
{"level":"info","message":"Session cleanup completed","service":"semaphore-oauth-demo","timestamp":"2025-11-28T09:28:21.496Z"}
{"level":"info","message":"Session cleanup completed","service":"semaphore-oauth-demo","timestamp":"2025-11-28T09:28:21.498Z"}
{"level":"info","message":"Session cleanup completed","service":"semaphore-oauth-demo","timestamp":"2025-11-28T09:28:21.516Z"}
{"level":"info","message":"Session cleanup completed","service":"semaphore-oauth-demo","timestamp":"2025-11-28T09:28:21.522Z"}
{"level":"info","message":"Session cleanup completed","service":"semaphore-oauth-demo","timestamp":"2025-11-28T09:28:21.525Z"}
{"level":"info","message":"Session cleanup completed","service":"semaphore-oauth-demo","timestamp":"2025-11-28T09:33:21.480Z"}
{"level":"info","message":"Session cleanup completed","service":"semaphore-oauth-demo","timestamp":"2025-11-28T09:33:21.517Z"}
{"level":"info","message":"Session cleanup completed","service":"semaphore-oauth-demo","timestamp":"2025-11-28T09:33:21.519Z"}
{"level":"info","message":"Session cleanup completed","service":"semaphore-oauth-demo","timestamp":"2025-11-28T09:33:21.523Z"}
{"level":"info","message":"Session cleanup completed","service":"semaphore-oauth-demo","timestamp":"2025-11-28T09:33:21.525Z"}
{"level":"info","message":"Session cleanup completed","service":"semaphore-oauth-demo","timestamp":"2025-11-28T09:33:21.534Z"}
{"level":"info","message":"Session cleanup completed","service":"semaphore-oauth-demo","timestamp":"2025-11-28T09:33:21.549Z"}
{"level":"info","message":"Session cleanup completed","service":"semaphore-oauth-demo","timestamp":"2025-11-28T09:33:21.553Z"}
{"level":"info","message":"Session cleanup completed","service":"semaphore-oauth-demo","timestamp":"2025-11-28T09:38:21.475Z"}
{"level":"info","message":"Session cleanup completed","service":"semaphore-oauth-demo","timestamp":"2025-11-28T09:38:21.516Z"}
{"level":"info","message":"Session cleanup completed","service":"semaphore-oauth-demo","timestamp":"2025-11-28T09:38:21.523Z"}
{"level":"info","message":"Session cleanup completed","service":"semaphore-oauth-demo","timestamp":"2025-11-28T09:38:21.524Z"}
{"level":"info","message":"Session cleanup completed","service":"semaphore-oauth-demo","timestamp":"2025-11-28T09:38:21.525Z"}
{"level":"info","message":"Session cleanup completed","service":"semaphore-oauth-demo","timestamp":"2025-11-28T09:38:21.533Z"}
{"level":"info","message":"Session cleanup completed","service":"semaphore-oauth-demo","timestamp":"2025-11-28T09:38:21.548Z"}
{"level":"info","message":"Session cleanup completed","service":"semaphore-oauth-demo","timestamp":"2025-11-28T09:38:21.550Z"}
{"level":"info","message":"Session cleanup completed","service":"semaphore-oauth-demo","timestamp":"2025-11-28T09:43:21.473Z"}
{"level":"info","message":"Session cleanup completed","service":"semaphore-oauth-demo","timestamp":"2025-11-28T09:43:21.514Z"}
{"level":"info","message":"Session cleanup completed","service":"semaphore-oauth-demo","timestamp":"2025-11-28T09:43:21.515Z"}
{"level":"info","message":"Session cleanup completed","service":"semaphore-oauth-demo","timestamp":"2025-11-28T09:43:21.523Z"}
{"level":"info","message":"Session cleanup completed","service":"semaphore-oauth-demo","timestamp":"2025-11-28T09:43:21.525Z"}
{"level":"info","message":"Session cleanup completed","service":"semaphore-oauth-demo","timestamp":"2025-11-28T09:43:21.530Z"}
{"level":"info","message":"Session cleanup completed","service":"semaphore-oauth-demo","timestamp":"2025-11-28T09:43:21.546Z"}
{"level":"info","message":"Session cleanup completed","service":"semaphore-oauth-demo","timestamp":"2025-11-28T09:43:21.548Z"}
{"level":"info","message":"Session cleanup completed","service":"semaphore-oauth-demo","timestamp":"2025-11-28T09:48:21.470Z"}
{"level":"info","message":"Session cleanup completed","service":"semaphore-oauth-demo","timestamp":"2025-11-28T09:48:21.509Z"}
{"level":"info","message":"Session cleanup completed","service":"semaphore-oauth-demo","timestamp":"2025-11-28T09:48:21.512Z"}
{"level":"info","message":"Session cleanup completed","service":"semaphore-oauth-demo","timestamp":"2025-11-28T09:48:21.570Z"}
{"level":"info","message":"Session cleanup completed","service":"semaphore-oauth-demo","timestamp":"2025-11-28T09:48:21.572Z"}
{"level":"info","message":"Session cleanup completed","service":"semaphore-oauth-demo","timestamp":"2025-11-28T09:48:21.572Z"}
{"level":"info","message":"Session cleanup completed","service":"semaphore-oauth-demo","timestamp":"2025-11-28T09:48:21.573Z"}
{"level":"info","message":"Session cleanup completed","service":"semaphore-oauth-demo","timestamp":"2025-11-28T09:48:21.573Z"}
{"level":"info","message":"Session cleanup completed","service":"semaphore-oauth-demo","timestamp":"2025-11-28T09:53:21.466Z"}
{"level":"info","message":"Session cleanup completed","service":"semaphore-oauth-demo","timestamp":"2025-11-28T09:53:21.506Z"}
{"level":"info","message":"Session cleanup completed","service":"semaphore-oauth-demo","timestamp":"2025-11-28T09:53:21.508Z"}
{"level":"info","message":"Session cleanup completed","service":"semaphore-oauth-demo","timestamp":"2025-11-28T09:53:21.568Z"}
{"level":"info","message":"Session cleanup completed","service":"semaphore-oauth-demo","timestamp":"2025-11-28T09:53:21.569Z"}
{"level":"info","message":"Session cleanup completed","service":"semaphore-oauth-demo","timestamp":"2025-11-28T09:53:21.570Z"}
{"level":"info","message":"Session cleanup completed","service":"semaphore-oauth-demo","timestamp":"2025-11-28T09:53:21.572Z"}
{"level":"info","message":"Session cleanup completed","service":"semaphore-oauth-demo","timestamp":"2025-11-28T09:53:21.573Z"}
{"level":"info","message":"Session cleanup completed","service":"semaphore-oauth-demo","timestamp":"2025-11-28T09:58:21.464Z"}
{"level":"info","message":"Session cleanup completed","service":"semaphore-oauth-demo","timestamp":"2025-11-28T09:58:21.505Z"}
{"level":"info","message":"Session cleanup completed","service":"semaphore-oauth-demo","timestamp":"2025-11-28T09:58:21.506Z"}
{"level":"info","message":"Session cleanup completed","service":"semaphore-oauth-demo","timestamp":"2025-11-28T09:58:21.567Z"}
{"level":"info","message":"Session cleanup completed","service":"semaphore-oauth-demo","timestamp":"2025-11-28T09:58:21.568Z"}
{"level":"info","message":"Session cleanup completed","service":"semaphore-oauth-demo","timestamp":"2025-11-28T09:58:21.570Z"}
{"level":"info","message":"Session cleanup completed","service":"semaphore-oauth-demo","timestamp":"2025-11-28T09:58:21.570Z"}
{"level":"info","message":"Session cleanup completed","service":"semaphore-oauth-demo","timestamp":"2025-11-28T09:58:21.571Z"}
{"level":"info","message":"Session cleanup completed","service":"semaphore-oauth-demo","timestamp":"2025-11-28T10:03:21.460Z"}
{"level":"info","message":"Session cleanup completed","service":"semaphore-oauth-demo","timestamp":"2025-11-28T10:03:21.504Z"}
{"level":"info","message":"Session cleanup completed","service":"semaphore-oauth-demo","timestamp":"2025-11-28T10:03:21.523Z"}
{"level":"info","message":"Session cleanup completed","service":"semaphore-oauth-demo","timestamp":"2025-11-28T10:03:21.565Z"}
{"level":"info","message":"Session cleanup completed","service":"semaphore-oauth-demo","timestamp":"2025-11-28T10:03:21.566Z"}
{"level":"info","message":"Session cleanup completed","service":"semaphore-oauth-demo","timestamp":"2025-11-28T10:03:21.567Z"}
{"level":"info","message":"Session cleanup completed","service":"semaphore-oauth-demo","timestamp":"2025-11-28T10:03:21.568Z"}
{"level":"info","message":"Session cleanup completed","service":"semaphore-oauth-demo","timestamp":"2025-11-28T10:03:21.570Z"}
{"level":"info","message":"Session timed out due to inactivity","service":"semaphore-oauth-demo","sessionId":"e689b94f-a987-47b6-8610-7ce2afcec39f","timestamp":"2025-11-28T10:06:30.346Z","userId":"google-oauth2|110246871958366696322"}
{"level":"info","message":"Session timed out due to inactivity","service":"semaphore-oauth-demo","sessionId":"e689b94f-a987-47b6-8610-7ce2afcec39f","timestamp":"2025-11-28T10:06:30.347Z","userId":"google-oauth2|110246871958366696322"}
{"level":"info","message":"New session created","service":"semaphore-oauth-demo","sessionId":"8d9040fc-ab1c-4223-a2ee-e30d3ca09585","timestamp":"2025-11-28T10:06:31.180Z","userId":"google-oauth2|110246871958366696322"}
{"level":"info","message":"New session created","service":"semaphore-oauth-demo","sessionId":"bc6e1595-ced4-4775-8f5d-e8ac62a85471","timestamp":"2025-11-28T10:06:31.181Z","userId":"google-oauth2|110246871958366696322"}
{"level":"info","message":"Session cleanup completed","service":"semaphore-oauth-demo","timestamp":"2025-11-28T10:08:21.473Z"}
{"level":"info","message":"Session cleanup completed","service":"semaphore-oauth-demo","timestamp":"2025-11-28T10:08:21.518Z"}
{"level":"info","message":"Session cleanup completed","service":"semaphore-oauth-demo","timestamp":"2025-11-28T10:08:21.537Z"}
{"level":"info","message":"Session cleanup completed","service":"semaphore-oauth-demo","timestamp":"2025-11-28T10:08:21.579Z"}
{"level":"info","message":"Session cleanup completed","service":"semaphore-oauth-demo","timestamp":"2025-11-28T10:08:21.579Z"}
{"level":"info","message":"Session cleanup completed","service":"semaphore-oauth-demo","timestamp":"2025-11-28T10:08:21.580Z"}
{"level":"info","message":"Session cleanup completed","service":"semaphore-oauth-demo","timestamp":"2025-11-28T10:08:21.581Z"}
{"level":"info","message":"Session cleanup completed","service":"semaphore-oauth-demo","timestamp":"2025-11-28T10:08:21.582Z"}
{"hasCommitment":true,"level":"info","message":"Session identity updated","service":"semaphore-oauth-demo","sessionId":"8d9040fc-ab1c-4223-a2ee-e30d3ca09585","timestamp":"2025-11-28T10:09:48.393Z"}
{"level":"info","message":"Session cleanup completed","service":"semaphore-oauth-demo","timestamp":"2025-11-28T10:11:28.369Z"}
{"level":"info","message":"Session cleanup completed","service":"semaphore-oauth-demo","timestamp":"2025-11-28T10:11:31.162Z"}
{"level":"info","message":"Session cleanup completed","service":"semaphore-oauth-demo","timestamp":"2025-11-28T10:13:13.582Z"}
{"level":"info","message":"Session cleanup completed","service":"semaphore-oauth-demo","timestamp":"2025-11-28T10:13:21.472Z"}
{"level":"info","message":"Session cleanup completed","service":"semaphore-oauth-demo","timestamp":"2025-11-28T10:13:21.517Z"}
{"level":"info","message":"Session cleanup completed","service":"semaphore-oauth-demo","timestamp":"2025-11-28T10:13:21.535Z"}
{"level":"info","message":"Session cleanup completed","service":"semaphore-oauth-demo","timestamp":"2025-11-28T10:13:21.578Z"}
{"level":"info","message":"Session cleanup completed","service":"semaphore-oauth-demo","timestamp":"2025-11-28T10:13:21.578Z"}
{"level":"info","message":"Session cleanup completed","service":"semaphore-oauth-demo","timestamp":"2025-11-28T10:13:21.578Z"}
{"level":"info","message":"Session cleanup completed","service":"semaphore-oauth-demo","timestamp":"2025-11-28T10:13:21.579Z"}
{"level":"info","message":"Session cleanup completed","service":"semaphore-oauth-demo","timestamp":"2025-11-28T10:13:21.579Z"}
{"level":"info","message":"Session cleanup completed","service":"semaphore-oauth-demo","timestamp":"2025-11-28T10:14:48.328Z"}
{"level":"info","message":"Session cleanup completed","service":"semaphore-oauth-demo","timestamp":"2025-11-28T10:16:28.369Z"}
{"level":"info","message":"Session cleanup completed","service":"semaphore-oauth-demo","timestamp":"2025-11-28T10:16:31.161Z"}
{"level":"info","message":"Session cleanup completed","service":"semaphore-oauth-demo","timestamp":"2025-11-28T10:18:13.588Z"}
{"level":"info","message":"Session cleanup completed","service":"semaphore-oauth-demo","timestamp":"2025-11-28T10:18:21.471Z"}
{"level":"info","message":"Session cleanup completed","service":"semaphore-oauth-demo","timestamp":"2025-11-28T10:18:21.515Z"}
{"level":"info","message":"Session cleanup completed","service":"semaphore-oauth-demo","timestamp":"2025-11-28T10:18:21.534Z"}
{"level":"info","message":"Session cleanup completed","service":"semaphore-oauth-demo","timestamp":"2025-11-28T10:18:21.577Z"}
{"level":"info","message":"Session cleanup completed","service":"semaphore-oauth-demo","timestamp":"2025-11-28T10:18:21.577Z"}
{"level":"info","message":"Session cleanup completed","service":"semaphore-oauth-demo","timestamp":"2025-11-28T10:18:21.578Z"}
{"level":"info","message":"Session cleanup completed","service":"semaphore-oauth-demo","timestamp":"2025-11-28T10:18:21.579Z"}
{"level":"info","message":"Session cleanup completed","service":"semaphore-oauth-demo","timestamp":"2025-11-28T10:18:21.583Z"}
{"level":"info","message":"Session cleanup completed","service":"semaphore-oauth-demo","timestamp":"2025-11-28T10:18:25.745Z"}
{"level":"info","message":"Session cleanup completed","service":"semaphore-oauth-demo","timestamp":"2025-11-28T10:19:16.115Z"}
{"level":"info","message":"Session cleanup completed","service":"semaphore-oauth-demo","timestamp":"2025-11-28T10:19:29.097Z"}
{"level":"info","message":"Session cleanup completed","service":"semaphore-oauth-demo","timestamp":"2025-11-28T10:19:48.339Z"}
{"level":"info","message":"Session cleanup completed","service":"semaphore-oauth-demo","timestamp":"2025-11-28T10:21:20.622Z"}
{"level":"info","message":"Session cleanup completed","service":"semaphore-oauth-demo","timestamp":"2025-11-28T10:21:28.386Z"}
{"level":"info","message":"Session cleanup completed","service":"semaphore-oauth-demo","timestamp":"2025-11-28T10:21:31.179Z"}
{"level":"info","message":"Session cleanup completed","service":"semaphore-oauth-demo","timestamp":"2025-11-28T10:23:13.600Z"}
{"level":"info","message":"Session cleanup completed","service":"semaphore-oauth-demo","timestamp":"2025-11-28T10:23:21.490Z"}
{"level":"info","message":"Session cleanup completed","service":"semaphore-oauth-demo","timestamp":"2025-11-28T10:23:21.534Z"}
{"level":"info","message":"Session cleanup completed","service":"semaphore-oauth-demo","timestamp":"2025-11-28T10:23:21.554Z"}
{"level":"info","message":"Session cleanup completed","service":"semaphore-oauth-demo","timestamp":"2025-11-28T10:23:21.596Z"}
{"level":"info","message":"Session cleanup completed","service":"semaphore-oauth-demo","timestamp":"2025-11-28T10:23:21.596Z"}
{"level":"info","message":"Session cleanup completed","service":"semaphore-oauth-demo","timestamp":"2025-11-28T10:23:21.596Z"}
{"level":"info","message":"Session cleanup completed","service":"semaphore-oauth-demo","timestamp":"2025-11-28T10:23:21.598Z"}
{"level":"info","message":"Session cleanup completed","service":"semaphore-oauth-demo","timestamp":"2025-11-28T10:23:21.601Z"}
{"level":"info","message":"Session cleanup completed","service":"semaphore-oauth-demo","timestamp":"2025-11-28T10:23:25.764Z"}
{"level":"info","message":"Session cleanup completed","service":"semaphore-oauth-demo","timestamp":"2025-11-28T10:24:16.135Z"}
{"level":"info","message":"Session cleanup completed","service":"semaphore-oauth-demo","timestamp":"2025-11-28T10:24:29.116Z"}
{"level":"info","message":"Session cleanup completed","service":"semaphore-oauth-demo","timestamp":"2025-11-28T10:24:48.346Z"}
{"level":"info","message":"Session cleanup completed","service":"semaphore-oauth-demo","timestamp":"2025-11-28T10:26:20.622Z"}
{"level":"info","message":"Session cleanup completed","service":"semaphore-oauth-demo","timestamp":"2025-11-28T10:26:28.387Z"}
{"level":"info","message":"Session cleanup completed","service":"semaphore-oauth-demo","timestamp":"2025-11-28T10:26:31.180Z"}
