{"level":"info","message":"New session created","service":"semaphore-oauth-demo","sessionId":"448378af-9d20-4f53-a7a6-68b821912dc0","timestamp":"2025-09-08T05:24:44.239Z","userId":"google-oauth2|110406690134492839349"}
{"hasCommitment":true,"level":"info","message":"Session identity updated","service":"semaphore-oauth-demo","sessionId":"448378af-9d20-4f53-a7a6-68b821912dc0","timestamp":"2025-09-08T05:25:11.607Z"}
{"hasCommitment":true,"level":"info","message":"Session identity updated","service":"semaphore-oauth-demo","sessionId":"448378af-9d20-4f53-a7a6-68b821912dc0","timestamp":"2025-09-08T05:25:29.217Z"}
{"clientId":"2405:201:e067:fa07:5...","count":3,"level":"warn","limit":2,"message":"Rate limit exceeded","retryAfter":575,"service":"semaphore-oauth-demo","timestamp":"2025-09-08T05:25:36.989Z","type":"identity","window":600000}
{"clientId":"2405:201:e067:fa07:5...","count":4,"level":"warn","limit":2,"message":"Rate limit exceeded","retryAfter":574,"service":"semaphore-oauth-demo","timestamp":"2025-09-08T05:25:37.638Z","type":"identity","window":600000}
{"level":"info","message":"Security status requested","requestedBy":"anonymous","service":"semaphore-oauth-demo","timestamp":"2025-09-08T05:25:47.045Z"}
{"level":"info","message":"Security status requested","requestedBy":"anonymous","service":"semaphore-oauth-demo","timestamp":"2025-09-08T05:25:47.135Z"}
{"level":"info","message":"New session created","service":"semaphore-oauth-demo","sessionId":"f6c7a74a-b1f8-4d1f-9096-b396b7491e6c","timestamp":"2025-09-08T05:27:19.240Z","userId":"google-oauth2|113581279399430147949"}
{"level":"info","message":"Session cleanup completed","service":"semaphore-oauth-demo","timestamp":"2025-09-08T05:29:44.163Z"}
{"level":"info","message":"Session cleanup completed","service":"semaphore-oauth-demo","timestamp":"2025-09-08T05:30:11.292Z"}
{"level":"info","message":"Session cleanup completed","service":"semaphore-oauth-demo","timestamp":"2025-09-08T05:30:19.304Z"}
{"level":"info","message":"Session cleanup completed","service":"semaphore-oauth-demo","timestamp":"2025-09-08T05:30:24.370Z"}
{"level":"info","message":"Session cleanup completed","service":"semaphore-oauth-demo","timestamp":"2025-09-08T05:30:29.207Z"}
{"level":"info","message":"Session cleanup completed","service":"semaphore-oauth-demo","timestamp":"2025-09-08T05:30:29.356Z"}
{"level":"info","message":"Session cleanup completed","service":"semaphore-oauth-demo","timestamp":"2025-09-08T05:30:30.277Z"}
{"level":"info","message":"Session cleanup completed","service":"semaphore-oauth-demo","timestamp":"2025-09-08T05:30:46.848Z"}
{"level":"info","message":"Session cleanup completed","service":"semaphore-oauth-demo","timestamp":"2025-09-08T05:30:47.027Z"}
{"level":"info","message":"Session cleanup completed","service":"semaphore-oauth-demo","timestamp":"2025-09-08T05:34:44.164Z"}
{"level":"info","message":"Session cleanup completed","service":"semaphore-oauth-demo","timestamp":"2025-09-08T05:35:11.291Z"}
{"level":"info","message":"Session cleanup completed","service":"semaphore-oauth-demo","timestamp":"2025-09-08T05:35:19.304Z"}
{"level":"info","message":"Session cleanup completed","service":"semaphore-oauth-demo","timestamp":"2025-09-08T05:35:24.370Z"}
{"level":"info","message":"Session cleanup completed","service":"semaphore-oauth-demo","timestamp":"2025-09-08T05:35:29.208Z"}
{"level":"info","message":"Session cleanup completed","service":"semaphore-oauth-demo","timestamp":"2025-09-08T05:35:29.356Z"}
{"level":"info","message":"Session cleanup completed","service":"semaphore-oauth-demo","timestamp":"2025-09-08T05:35:30.278Z"}
{"level":"info","message":"Session cleanup completed","service":"semaphore-oauth-demo","timestamp":"2025-09-08T05:35:46.847Z"}
{"level":"info","message":"Session cleanup completed","service":"semaphore-oauth-demo","timestamp":"2025-09-08T05:35:47.028Z"}
{"level":"info","message":"Session cleanup completed","service":"semaphore-oauth-demo","timestamp":"2025-09-08T05:39:44.163Z"}
{"level":"info","message":"Session cleanup completed","service":"semaphore-oauth-demo","timestamp":"2025-09-08T05:40:11.243Z"}
{"level":"info","message":"Session cleanup completed","service":"semaphore-oauth-demo","timestamp":"2025-09-08T05:40:19.234Z"}
{"level":"info","message":"Session cleanup completed","service":"semaphore-oauth-demo","timestamp":"2025-09-08T05:40:24.300Z"}
{"level":"info","message":"Session cleanup completed","service":"semaphore-oauth-demo","timestamp":"2025-09-08T05:40:29.138Z"}
{"level":"info","message":"Session cleanup completed","service":"semaphore-oauth-demo","timestamp":"2025-09-08T05:40:29.286Z"}
{"level":"info","message":"Session cleanup completed","service":"semaphore-oauth-demo","timestamp":"2025-09-08T05:40:30.207Z"}
{"level":"info","message":"Session cleanup completed","service":"semaphore-oauth-demo","timestamp":"2025-09-08T05:40:46.776Z"}
{"level":"info","message":"Session cleanup completed","service":"semaphore-oauth-demo","timestamp":"2025-09-08T05:40:46.956Z"}
{"level":"info","message":"Session cleanup completed","service":"semaphore-oauth-demo","timestamp":"2025-09-08T05:44:44.090Z"}
{"level":"info","message":"Session cleanup completed","service":"semaphore-oauth-demo","timestamp":"2025-09-08T05:45:11.247Z"}
{"level":"info","message":"Session cleanup completed","service":"semaphore-oauth-demo","timestamp":"2025-09-08T05:45:19.230Z"}
{"level":"info","message":"Session cleanup completed","service":"semaphore-oauth-demo","timestamp":"2025-09-08T05:45:24.296Z"}
{"level":"info","message":"Session cleanup completed","service":"semaphore-oauth-demo","timestamp":"2025-09-08T05:45:29.134Z"}
{"level":"info","message":"Session cleanup completed","service":"semaphore-oauth-demo","timestamp":"2025-09-08T05:45:29.282Z"}
{"level":"info","message":"Session cleanup completed","service":"semaphore-oauth-demo","timestamp":"2025-09-08T05:45:30.203Z"}
{"level":"info","message":"Session cleanup completed","service":"semaphore-oauth-demo","timestamp":"2025-09-08T05:45:46.773Z"}
{"level":"info","message":"Session cleanup completed","service":"semaphore-oauth-demo","timestamp":"2025-09-08T05:45:46.952Z"}
{"level":"info","message":"Session cleanup completed","service":"semaphore-oauth-demo","timestamp":"2025-09-08T05:49:44.086Z"}
{"level":"info","message":"Session cleanup completed","service":"semaphore-oauth-demo","timestamp":"2025-09-08T05:50:11.245Z"}
{"level":"info","message":"Session cleanup completed","service":"semaphore-oauth-demo","timestamp":"2025-09-08T05:50:19.232Z"}
{"level":"info","message":"Session cleanup completed","service":"semaphore-oauth-demo","timestamp":"2025-09-08T05:50:24.292Z"}
{"level":"info","message":"Session cleanup completed","service":"semaphore-oauth-demo","timestamp":"2025-09-08T05:50:29.131Z"}
{"level":"info","message":"Session cleanup completed","service":"semaphore-oauth-demo","timestamp":"2025-09-08T05:50:29.278Z"}
{"level":"info","message":"Session cleanup completed","service":"semaphore-oauth-demo","timestamp":"2025-09-08T05:50:30.199Z"}
{"level":"info","message":"Session cleanup completed","service":"semaphore-oauth-demo","timestamp":"2025-09-08T05:50:46.769Z"}
{"level":"info","message":"Session cleanup completed","service":"semaphore-oauth-demo","timestamp":"2025-09-08T05:50:46.948Z"}
{"level":"info","message":"Session cleanup completed","service":"semaphore-oauth-demo","timestamp":"2025-09-08T05:54:44.083Z"}
{"level":"info","message":"Session cleanup completed","service":"semaphore-oauth-demo","timestamp":"2025-09-08T05:55:11.262Z"}
{"level":"info","message":"Session cleanup completed","service":"semaphore-oauth-demo","timestamp":"2025-09-08T05:55:19.223Z"}
{"level":"info","message":"Session cleanup completed","service":"semaphore-oauth-demo","timestamp":"2025-09-08T05:55:24.288Z"}
{"level":"info","message":"Session cleanup completed","service":"semaphore-oauth-demo","timestamp":"2025-09-08T05:55:29.127Z"}
{"level":"info","message":"Session cleanup completed","service":"semaphore-oauth-demo","timestamp":"2025-09-08T05:55:29.274Z"}
{"level":"info","message":"Session cleanup completed","service":"semaphore-oauth-demo","timestamp":"2025-09-08T05:55:30.196Z"}
{"level":"info","message":"Session cleanup completed","service":"semaphore-oauth-demo","timestamp":"2025-09-08T05:55:46.765Z"}
{"level":"info","message":"Session cleanup completed","service":"semaphore-oauth-demo","timestamp":"2025-09-08T05:55:46.944Z"}
{"level":"info","message":"Session cleanup completed","service":"semaphore-oauth-demo","timestamp":"2025-09-08T05:59:44.112Z"}
{"level":"info","message":"Session cleanup completed","service":"semaphore-oauth-demo","timestamp":"2025-09-08T06:00:11.304Z"}
{"level":"info","message":"Session cleanup completed","service":"semaphore-oauth-demo","timestamp":"2025-09-08T06:00:19.253Z"}
{"level":"info","message":"Session cleanup completed","service":"semaphore-oauth-demo","timestamp":"2025-09-08T06:00:24.318Z"}
{"level":"info","message":"Session cleanup completed","service":"semaphore-oauth-demo","timestamp":"2025-09-08T06:00:29.157Z"}
{"level":"info","message":"Session cleanup completed","service":"semaphore-oauth-demo","timestamp":"2025-09-08T06:00:29.304Z"}
{"level":"info","message":"Session cleanup completed","service":"semaphore-oauth-demo","timestamp":"2025-09-08T06:00:30.226Z"}
{"level":"info","message":"Session cleanup completed","service":"semaphore-oauth-demo","timestamp":"2025-09-08T06:00:46.794Z"}
{"level":"info","message":"Session cleanup completed","service":"semaphore-oauth-demo","timestamp":"2025-09-08T06:00:46.974Z"}
{"level":"info","message":"Session cleanup completed","service":"semaphore-oauth-demo","timestamp":"2025-09-08T06:04:44.112Z"}
{"level":"info","message":"Session cleanup completed","service":"semaphore-oauth-demo","timestamp":"2025-09-08T06:05:11.268Z"}
{"level":"info","message":"Session cleanup completed","service":"semaphore-oauth-demo","timestamp":"2025-09-08T06:05:19.251Z"}
{"level":"info","message":"Session cleanup completed","service":"semaphore-oauth-demo","timestamp":"2025-09-08T06:05:24.316Z"}
{"level":"info","message":"Session cleanup completed","service":"semaphore-oauth-demo","timestamp":"2025-09-08T06:05:29.155Z"}
{"level":"info","message":"Session cleanup completed","service":"semaphore-oauth-demo","timestamp":"2025-09-08T06:05:29.302Z"}
{"level":"info","message":"Session cleanup completed","service":"semaphore-oauth-demo","timestamp":"2025-09-08T06:05:30.224Z"}
{"level":"info","message":"Session cleanup completed","service":"semaphore-oauth-demo","timestamp":"2025-09-08T06:05:46.793Z"}
{"level":"info","message":"Session cleanup completed","service":"semaphore-oauth-demo","timestamp":"2025-09-08T06:05:46.972Z"}
{"level":"info","message":"Session cleanup completed","service":"semaphore-oauth-demo","timestamp":"2025-09-08T06:09:44.110Z"}
{"level":"info","message":"Session cleanup completed","service":"semaphore-oauth-demo","timestamp":"2025-09-08T06:10:11.335Z"}
{"level":"info","message":"Session cleanup completed","service":"semaphore-oauth-demo","timestamp":"2025-09-08T06:10:19.271Z"}
{"level":"info","message":"Session cleanup completed","service":"semaphore-oauth-demo","timestamp":"2025-09-08T06:10:24.315Z"}
{"level":"info","message":"Session cleanup completed","service":"semaphore-oauth-demo","timestamp":"2025-09-08T06:10:29.153Z"}
{"level":"info","message":"Session cleanup completed","service":"semaphore-oauth-demo","timestamp":"2025-09-08T06:10:29.300Z"}
{"level":"info","message":"Session cleanup completed","service":"semaphore-oauth-demo","timestamp":"2025-09-08T06:10:30.222Z"}
{"level":"info","message":"Session cleanup completed","service":"semaphore-oauth-demo","timestamp":"2025-09-08T06:10:46.791Z"}
{"level":"info","message":"Session cleanup completed","service":"semaphore-oauth-demo","timestamp":"2025-09-08T06:10:46.970Z"}
{"level":"info","message":"Session cleanup completed","service":"semaphore-oauth-demo","timestamp":"2025-09-08T06:14:44.108Z"}
{"level":"info","message":"Session cleanup completed","service":"semaphore-oauth-demo","timestamp":"2025-09-08T06:15:11.291Z"}
{"level":"info","message":"Session cleanup completed","service":"semaphore-oauth-demo","timestamp":"2025-09-08T06:15:19.253Z"}
{"level":"info","message":"Session cleanup completed","service":"semaphore-oauth-demo","timestamp":"2025-09-08T06:15:24.312Z"}
{"level":"info","message":"Session cleanup completed","service":"semaphore-oauth-demo","timestamp":"2025-09-08T06:15:29.151Z"}
{"level":"info","message":"Session cleanup completed","service":"semaphore-oauth-demo","timestamp":"2025-09-08T06:15:29.298Z"}
{"level":"info","message":"Session cleanup completed","service":"semaphore-oauth-demo","timestamp":"2025-09-08T06:15:30.221Z"}
{"level":"info","message":"Session cleanup completed","service":"semaphore-oauth-demo","timestamp":"2025-09-08T06:15:46.796Z"}
{"level":"info","message":"Session cleanup completed","service":"semaphore-oauth-demo","timestamp":"2025-09-08T06:15:46.975Z"}
{"level":"info","message":"Session cleanup completed","service":"semaphore-oauth-demo","timestamp":"2025-09-08T06:19:44.121Z"}
{"level":"info","message":"Session cleanup completed","service":"semaphore-oauth-demo","timestamp":"2025-09-08T06:20:11.289Z"}
{"level":"info","message":"Session cleanup completed","service":"semaphore-oauth-demo","timestamp":"2025-09-08T06:20:19.264Z"}
{"level":"info","message":"Session cleanup completed","service":"semaphore-oauth-demo","timestamp":"2025-09-08T06:20:24.322Z"}
{"level":"info","message":"Session cleanup completed","service":"semaphore-oauth-demo","timestamp":"2025-09-08T06:20:29.161Z"}
{"level":"info","message":"Session cleanup completed","service":"semaphore-oauth-demo","timestamp":"2025-09-08T06:20:29.309Z"}
{"level":"info","message":"Session cleanup completed","service":"semaphore-oauth-demo","timestamp":"2025-09-08T06:20:30.232Z"}
{"level":"info","message":"Session cleanup completed","service":"semaphore-oauth-demo","timestamp":"2025-09-08T06:20:46.800Z"}
{"level":"info","message":"Session cleanup completed","service":"semaphore-oauth-demo","timestamp":"2025-09-08T06:20:46.978Z"}
