{"level":"info","message":"New session created","service":"semaphore-oauth-demo","sessionId":"f17ce74a-151f-4422-8224-2de2c71be5f0","timestamp":"2025-11-27T09:14:05.875Z","userId":"google-oauth2|113605881636306530396"}
{"level":"info","message":"New session created","service":"semaphore-oauth-demo","sessionId":"e97aec91-f738-48fe-9710-91582d441e14","timestamp":"2025-11-27T09:14:05.877Z","userId":"google-oauth2|113605881636306530396"}
{"level":"info","message":"New session created","service":"semaphore-oauth-demo","sessionId":"0097399b-6daa-4f03-ad8b-378018e6c17e","timestamp":"2025-11-27T09:14:05.877Z","userId":"google-oauth2|113605881636306530396"}
{"error":"duplicate key value violates unique constraint \"rate_limits_identifier_action_idx\"","level":"warn","message":"Rate limit DB window init failed","service":"semaphore-oauth-demo","timestamp":"2025-11-27T09:14:05.878Z"}
{"level":"info","message":"Session cleanup completed","service":"semaphore-oauth-demo","timestamp":"2025-11-27T09:19:05.341Z"}
{"level":"info","message":"Session cleanup completed","service":"semaphore-oauth-demo","timestamp":"2025-11-27T09:24:05.334Z"}
{"level":"info","message":"Session cleanup completed","service":"semaphore-oauth-demo","timestamp":"2025-11-27T09:29:05.330Z"}
{"level":"info","message":"Session cleanup completed","service":"semaphore-oauth-demo","timestamp":"2025-11-27T09:34:05.363Z"}
{"level":"info","message":"Session cleanup completed","service":"semaphore-oauth-demo","timestamp":"2025-11-27T09:39:05.361Z"}
{"level":"info","message":"Session cleanup completed","service":"semaphore-oauth-demo","timestamp":"2025-11-27T09:44:05.358Z"}
{"level":"info","message":"Session cleanup completed","service":"semaphore-oauth-demo","timestamp":"2025-11-27T09:46:06.894Z"}
{"level":"info","message":"Session cleanup completed","service":"semaphore-oauth-demo","timestamp":"2025-11-27T09:46:07.033Z"}
{"level":"info","message":"Session cleanup completed","service":"semaphore-oauth-demo","timestamp":"2025-11-27T09:49:05.370Z"}
{"level":"info","message":"Shutting down logger...","service":"semaphore-oauth-demo","timestamp":"2025-11-27T09:50:12.756Z"}
{"error":"duplicate key value violates unique constraint \"user_sessions_session_id_unique\"","level":"error","message":"DB session upsert failed","service":"semaphore-oauth-demo","sessionId":"e6f79820-835b-4ef6-a9db-37d066293984","timestamp":"2025-11-27T10:09:15.818Z"}
{"level":"info","message":"New session created","service":"semaphore-oauth-demo","sessionId":"e6f79820-835b-4ef6-a9db-37d066293984","timestamp":"2025-11-27T10:09:15.819Z","userId":"google-oauth2|117619526839204321984"}
{"hasCommitment":true,"level":"info","message":"Session identity updated","service":"semaphore-oauth-demo","sessionId":"e6f79820-835b-4ef6-a9db-37d066293984","timestamp":"2025-11-27T10:09:18.486Z"}
{"hasCommitment":true,"level":"info","message":"Session identity updated","service":"semaphore-oauth-demo","sessionId":"e6f79820-835b-4ef6-a9db-37d066293984","timestamp":"2025-11-27T10:11:25.055Z"}
{"hasCommitment":true,"level":"info","message":"Session identity updated","service":"semaphore-oauth-demo","sessionId":"e6f79820-835b-4ef6-a9db-37d066293984","timestamp":"2025-11-27T10:11:39.998Z"}
{"level":"warn","message":"Proof already stored (unique constraint)","nullifierHash":"1164750422084875...","service":"semaphore-oauth-demo","timestamp":"2025-11-27T10:11:40.988Z"}
{"level":"info","message":"Session cleanup completed","service":"semaphore-oauth-demo","timestamp":"2025-11-27T10:13:50.426Z"}
{"level":"info","message":"Session cleanup completed","service":"semaphore-oauth-demo","timestamp":"2025-11-27T10:14:18.470Z"}
{"level":"info","message":"Session cleanup completed","service":"semaphore-oauth-demo","timestamp":"2025-11-27T10:16:27.925Z"}
{"level":"info","message":"Session cleanup completed","service":"semaphore-oauth-demo","timestamp":"2025-11-27T10:16:34.438Z"}
{"level":"info","message":"Session cleanup completed","service":"semaphore-oauth-demo","timestamp":"2025-11-27T10:16:39.967Z"}
{"level":"info","message":"Session cleanup completed","service":"semaphore-oauth-demo","timestamp":"2025-11-27T10:16:40.109Z"}
{"level":"info","message":"Session cleanup completed","service":"semaphore-oauth-demo","timestamp":"2025-11-27T10:16:40.958Z"}
{"level":"info","message":"Session cleanup completed","service":"semaphore-oauth-demo","timestamp":"2025-11-27T10:18:50.385Z"}
{"level":"info","message":"Session cleanup completed","service":"semaphore-oauth-demo","timestamp":"2025-11-27T10:19:18.427Z"}
{"level":"info","message":"Session cleanup completed","service":"semaphore-oauth-demo","timestamp":"2025-11-27T10:21:27.876Z"}
{"level":"info","message":"Session cleanup completed","service":"semaphore-oauth-demo","timestamp":"2025-11-27T10:21:34.413Z"}
{"level":"info","message":"Session cleanup completed","service":"semaphore-oauth-demo","timestamp":"2025-11-27T10:21:39.922Z"}
{"level":"info","message":"Session cleanup completed","service":"semaphore-oauth-demo","timestamp":"2025-11-27T10:21:40.064Z"}
{"level":"info","message":"Session cleanup completed","service":"semaphore-oauth-demo","timestamp":"2025-11-27T10:21:40.911Z"}
{"level":"info","message":"Session cleanup completed","service":"semaphore-oauth-demo","timestamp":"2025-11-27T10:23:50.381Z"}
{"level":"info","message":"Session cleanup completed","service":"semaphore-oauth-demo","timestamp":"2025-11-27T10:24:18.424Z"}
{"level":"info","message":"Shutting down logger...","service":"semaphore-oauth-demo","timestamp":"2025-11-27T10:26:17.503Z"}
{"level":"info","message":"Session timed out due to inactivity","service":"semaphore-oauth-demo","sessionId":"e6f79820-835b-4ef6-a9db-37d066293984","timestamp":"2025-11-27T12:16:06.210Z","userId":"google-oauth2|117619526839204321984"}
{"level":"info","message":"Session timed out due to inactivity","service":"semaphore-oauth-demo","sessionId":"e6f79820-835b-4ef6-a9db-37d066293984","timestamp":"2025-11-27T12:16:06.212Z","userId":"google-oauth2|117619526839204321984"}
{"level":"info","message":"Session timed out due to inactivity","service":"semaphore-oauth-demo","sessionId":"e6f79820-835b-4ef6-a9db-37d066293984","timestamp":"2025-11-27T12:16:06.212Z","userId":"google-oauth2|117619526839204321984"}
{"level":"info","message":"New session created","service":"semaphore-oauth-demo","sessionId":"ba9550fd-40db-4614-b3fa-9fb815609afe","timestamp":"2025-11-27T12:16:06.299Z","userId":"google-oauth2|117619526839204321984"}
{"level":"info","message":"New session created","service":"semaphore-oauth-demo","sessionId":"032f0b13-220c-41cb-8945-ab6bc111a469","timestamp":"2025-11-27T12:16:55.515Z","userId":"google-oauth2|108823896399207584038"}
{"level":"info","message":"New session created","service":"semaphore-oauth-demo","sessionId":"d3caefd6-5a30-4a7c-818c-61a3c128250d","timestamp":"2025-11-27T12:16:55.515Z","userId":"google-oauth2|108823896399207584038"}
{"hasCommitment":true,"level":"info","message":"Session identity updated","service":"semaphore-oauth-demo","sessionId":"d3caefd6-5a30-4a7c-818c-61a3c128250d","timestamp":"2025-11-27T12:17:19.185Z"}
{"level":"info","message":"Session cleanup completed","service":"semaphore-oauth-demo","timestamp":"2025-11-27T12:21:06.120Z"}
{"level":"info","message":"Session cleanup completed","service":"semaphore-oauth-demo","timestamp":"2025-11-27T12:22:19.106Z"}
{"level":"info","message":"Session cleanup completed","service":"semaphore-oauth-demo","timestamp":"2025-11-27T12:26:06.116Z"}
{"level":"info","message":"Session cleanup completed","service":"semaphore-oauth-demo","timestamp":"2025-11-27T12:27:19.125Z"}
{"level":"info","message":"Session cleanup completed","service":"semaphore-oauth-demo","timestamp":"2025-11-27T12:31:06.135Z"}
{"level":"info","message":"Session cleanup completed","service":"semaphore-oauth-demo","timestamp":"2025-11-27T12:32:19.125Z"}
{"level":"info","message":"Session cleanup completed","service":"semaphore-oauth-demo","timestamp":"2025-11-27T12:36:06.133Z"}
{"level":"info","message":"Session cleanup completed","service":"semaphore-oauth-demo","timestamp":"2025-11-27T12:37:19.123Z"}
{"level":"info","message":"Session cleanup completed","service":"semaphore-oauth-demo","timestamp":"2025-11-27T12:41:06.132Z"}
{"level":"info","message":"Session cleanup completed","service":"semaphore-oauth-demo","timestamp":"2025-11-27T12:42:19.131Z"}
{"level":"info","message":"Session cleanup completed","service":"semaphore-oauth-demo","timestamp":"2025-11-27T12:46:06.146Z"}
{"level":"info","message":"Session cleanup completed","service":"semaphore-oauth-demo","timestamp":"2025-11-27T12:47:19.137Z"}
{"level":"info","message":"Session cleanup completed","service":"semaphore-oauth-demo","timestamp":"2025-11-27T12:51:06.146Z"}
{"level":"info","message":"Session cleanup completed","service":"semaphore-oauth-demo","timestamp":"2025-11-27T12:52:19.137Z"}
{"level":"info","message":"Session cleanup completed","service":"semaphore-oauth-demo","timestamp":"2025-11-27T12:56:06.146Z"}
{"level":"info","message":"Session cleanup completed","service":"semaphore-oauth-demo","timestamp":"2025-11-27T12:57:19.138Z"}
{"level":"info","message":"Session cleanup completed","service":"semaphore-oauth-demo","timestamp":"2025-11-27T13:01:06.157Z"}
{"level":"info","message":"Session cleanup completed","service":"semaphore-oauth-demo","timestamp":"2025-11-27T13:02:19.147Z"}
{"level":"info","message":"Session cleanup completed","service":"semaphore-oauth-demo","timestamp":"2025-11-27T13:06:06.162Z"}
